package simple;

/**
 * gh-363.
 */
class SpectatorToDoubleGauge<T> extends AbstractMeter<T> implements Gauge {

}
