package simple;

import java.io.File;
import java.io.IOException;
import java.net.MalformedURLException;
import java.nio.charset.StandardCharsets;
import java.nio.file.Files;
import java.nio.file.Paths;

public class Simple {

	public String someMethod() throws MalformedURLException, IOException {
		String settingsXml = new String(Files.readAllBytes(Paths.get("src", "intTest", "projects", "settings.xml")),
				StandardCharsets.UTF_8)
			.replace("@localCentralUrl@", new File("build/int-test-maven-repository").toURI().toURL().toString())
			.replace("@localRepositoryPath@", new File("build/local-maven-repository").getAbsolutePath());
		return settingsXml;
	}

}